[www.innoforeveryone.org/index.html]
[backblue.gif]
[fade.gif]
[index.html]
[images.squarespace-cdn.com/content/668c388c858c7f07c98763ea/031a6425-1864-456b-847d-9a4a4314c35d/Capitol+Post+-+25d45.png]
[assets.squarespace.com/@sqs/polyfiller/1.6/legacy.js]
[use.typekit.net/ik/DOwkao8r8rM0svuKF6XJ9EQyGUIzS4Orv6BM4wqixDjfeGMgfFHN4UJLFRbh52jhWDjh5ewD52yR529tjDicw2iR5Q6aFRF8jsGMJ6uy-asTiKu1ScNXZWFnJyF3ScB1dABX-AFyOAmtiem0ZemqH6qJXeXbMg6IJMJ7fbRAds]
[assets.squarespace.com/universal/scripts-compressed/extract-css-runtime-a507ea5ecce2516bf35f-min.en-US.js]
[assets.squarespace.com/@sqs/polyfiller/1.6/modern.js]
[assets.squarespace.com/universal/scripts-compressed/cldr-resource-pack-15305921bb94c505cd92-min.en-US.js]
[assets.squarespace.com/universal/scripts-compressed/common-vendors-stable-0f51b06fac4ba1f7c845-min.en-US.js]
[assets.squarespace.com/universal/scripts-compressed/extract-css-moment-js-vendor-dfbb72c875564c27a00c-min.en-US.js]
[assets.squarespace.com/universal/scripts-compressed/user-account-core-b55d7b99955c40aa3772-min.en-US.js]
[assets.squarespace.com/universal/styles-compressed/user-account-core-e84acd73aa5ee3fcd4ad-min.en-US.css]
[assets.squarespace.com/universal/scripts-compressed/performance-52d31862402d449695d0-min.en-US.js]
[assets.squarespace.com/universal/scripts-compressed/common-vendors-228056062752a16a0458-min.en-US.js]
[static1.squarespace.com/static/versioned-site-css/668c388c858c7f07c98763ea/6/5c5a519771c10ba3470d8101/668c388d858c7f07c9876402/1548/site.css]
[static1.squarespace.com/static/vta/5c5a519771c10ba3470d8101/versioned-assets/1721408144877-4GZSJSP9JW8EDYZ7G86P/static.css]
[www.innoforeveryone.org/join-us.html]
[images.squarespace-cdn.com/content/v1/668c388c858c7f07c98763ea/2c0d655a-890a-4648-ac2c-d287e69d235c/2.jpg]
[www.innoforeveryone.org/cart.html]
[images.squarespace-cdn.com/content/v1/668c388c858c7f07c98763ea/95dc76d3-ccb4-49a2-a48c-b3b912b2fa16/7.png]
[assets.squarespace.com/universal/scripts-compressed/common-5016d178ec65c1797cbe-min.en-US.js]
[images.squarespace-cdn.com/content/v1/668c388c858c7f07c98763ea/9687df45-2d5d-4bfe-a8b1-5c11771c1bb5/3.png]
[images.squarespace-cdn.com/content/v1/668c388c858c7f07c98763ea/f1fe302d-0b3d-4f7a-a87a-d90447f61f03/2.jpg]
[images.squarespace-cdn.com/content/v1/668c388c858c7f07c98763ea/81cebbbb-c790-43a0-b82a-bdbc05d860e2/1.png]
[images.squarespace-cdn.com/content/v1/668c388c858c7f07c98763ea/d886a451-cf02-451e-b0e6-4949ed6de39f/F6ogVV9W4AAoE1I.jpg]
[images.squarespace-cdn.com/content/v1/668c388c858c7f07c98763ea/47407467-fd15-4509-9c99-c8da4bfa2a5f/9.png]
[images.squarespace-cdn.com/content/v1/668c388c858c7f07c98763ea/6f2315e8-c2fa-4e38-9cd9-ce442a630a79/Forbes+LinkedIn+Post.png]
[images.squarespace-cdn.com/content/v1/668c388c858c7f07c98763ea/cedb5309-d825-4c5f-9678-a41f7efe0fb1/F6ogVV9XcAAlsEe.jpg]
[images.squarespace-cdn.com/content/v1/668c388c858c7f07c98763ea/02153a83-131f-47d5-bbba-ba83df272812/AKBA_AI_Cover.png]
[images.squarespace-cdn.com/content/v1/668c388c858c7f07c98763ea/e172df65-ef41-4973-b27f-d0d99f186dcd/Innovation+for+Everyone+UPDATED.jpg]
[images.squarespace-cdn.com/content/v1/668c388c858c7f07c98763ea/3db9c7a5-4299-453c-8be8-3be480f05eef/2.png]
[images.squarespace-cdn.com/content/v1/668c388c858c7f07c98763ea/9426c07b-ec1d-4cfe-8565-bebac3318b20/1.png]
[images.squarespace-cdn.com/content/v1/668c388c858c7f07c98763ea/c05b9189-109b-425d-8437-257e0231e990/4.png]
[images.squarespace-cdn.com/content/v1/668c388c858c7f07c98763ea/01d9ebb9-4306-47ae-b4af-32f5c62aefea/SAP+Group+Photo.png]
[images.squarespace-cdn.com/content/v1/668c388c858c7f07c98763ea/04ee422c-0ff7-4fb5-b8d7-c5261f82c624/3.png]
[images.squarespace-cdn.com/content/v1/668c388c858c7f07c98763ea/b0a399f7-45c7-4378-8b1c-c9ab0a22df15/WEF_Artificial_Intelligence_for_Children_20221024_1.jpg]
[images.squarespace-cdn.com/content/v1/668c388c858c7f07c98763ea/76a9b7d7-6895-4006-9198-9e63983c5f07/Neha+presents+to+Tim+Cook+and+Karlie+Kloss+at+Apple+Soho.jpg]
[images.squarespace-cdn.com/content/v1/668c388c858c7f07c98763ea/ccd96ce3-2acb-443f-87ca-2510159130cf/Speaking+at+a+Tech+Conference+in+Rome+about+AI.jpg]
[images.squarespace-cdn.com/content/v1/668c388c858c7f07c98763ea/3a72b5ca-ba9d-4ee2-9f65-4983b6590e53/7.png]
[images.squarespace-cdn.com/content/v1/668c388c858c7f07c98763ea/209e0561-37d7-46f9-9a42-252833ce78aa/6.png]
[images.squarespace-cdn.com/content/v1/668c388c858c7f07c98763ea/33564af4-8eec-46a5-aa04-c08a36f2f04f/IMG_8017+2.jpg]
[images.squarespace-cdn.com/content/v1/668c388c858c7f07c98763ea/459ee686-a3f6-45dd-ba6d-3b92857489c2/Photo+Sep+21+2023,+11+49+38+AM.jpg]
[images.squarespace-cdn.com/content/v1/668c388c858c7f07c98763ea/38ce32d7-b064-4a1a-9207-36a431484048/Group+Shot.png]
[images.squarespace-cdn.com/content/v1/668c388c858c7f07c98763ea/0b36ba28-4f26-49e0-b843-42a9b2f6a7a0/3.png]
[images.squarespace-cdn.com/content/v1/668c388c858c7f07c98763ea/76be7ea0-4b14-48b4-a70a-e18079f29288/final-meet-unga78-delegation-yttt.png]
[images.squarespace-cdn.com/content/v1/668c388c858c7f07c98763ea/47521441-57ac-4a53-af7e-a0b1cad5d736/3.png]
[images.squarespace-cdn.com/content/v1/668c388c858c7f07c98763ea/0a90d575-4e46-4797-9f55-846196af1fb4/9+-+Microsoft+Data+Science+and+AI+Hotseat+as+Featured+Guest+-+Neha+Shukla.png]
[www.innoforeveryone.org/sereno-sofia-parazi-photography.html]
[www.innoforeveryone.org/index.html]
[assets.squarespace.com/universal/styles-compressed/user-account-core-e84acd73aa5ee3fcd4ad-min.en-US.css]
[assets.squarespace.com/universal/images-v6/damask/error-dark.png]
[assets.squarespace.com/universal/images-v6/damask/error-dark@2x.png]
[static1.squarespace.com/static/vta/5c5a519771c10ba3470d8101/scripts/site-bundle.ed46306c56a516420b3e44c437245ab5.js]
[assets.squarespace.com/universal/images-v6/damask/play-button.png]
[assets.squarespace.com/universal/images-v6/damask/play-button@2x.png]
[assets.squarespace.com/universal/images-v6/damask/edit-aviary-light.png]
[assets.squarespace.com/universal/images-v6/damask/edit-aviary-light@2x.png]
[assets.squarespace.com/universal/images-v6/damask/edit-info-light.png]
[assets.squarespace.com/universal/images-v6/damask/edit-info-light@2x.png]
[assets.squarespace.com/universal/images-v6/damask/trash-9-light.png]
[assets.squarespace.com/universal/images-v6/damask/trash-9-light@2x.png]
[assets.squarespace.com/universal/images-v6/damask/trash-9-red.png]
[assets.squarespace.com/universal/images-v6/damask/trash-9-red@2x.png]
[assets.squarespace.com/universal/images-v6/damask/getty-16-light.png]
[assets.squarespace.com/universal/images-v6/damask/getty-32-light.png]
[assets.squarespace.com/universal/images-v6/damask/shopping-cart-16-light.png]
[assets.squarespace.com/universal/images-v6/damask/shopping-cart-32-light.png]
[assets.squarespace.com/universal/images-v6/icons/block-indicator-dark.png]
[assets.squarespace.com/universal/images-v6/icons/block-indicator-dark@2x.png]
[assets.squarespace.com/universal/images-v6/icons/opentable-icons.png]
[assets.squarespace.com/universal/images-v6/icons/icon-searchqueries-20-dark.png]
[assets.squarespace.com/universal/images-v6/icons/icon-searchqueries-20-light.png]
[assets.squarespace.com/universal/images-v6/icons/icon-video-24-light-solid.png]
[assets.squarespace.com/universal/images-v6/standard/icon_close_7_light.png]
[assets.squarespace.com/universal/images-v6/icons/icon-settings-16-light.png]
[static1.squarespace.com/static/versioned-site-css/668c388c858c7f07c98763ea/6/5c5a519771c10ba3470d8101/668c388d858c7f07c9876402/1548/site.css]
[static1.squarespace.com/static/vta/5c5a519771c10ba3470d8101/versioned-assets/1721408144877-4GZSJSP9JW8EDYZ7G86P/static.css]
[assets.squarespace.com/universal/scripts-compressed/extract-css-runtime-6c32e32b6938e95defd7-min.en-US.js]
[static1.squarespace.com/static/versioned-site-css/668c388c858c7f07c98763ea/6/5c5a519771c10ba3470d8101/668c388d858c7f07c9876402/1550/site.css]
[static1.squarespace.com/static/vta/5c5a519771c10ba3470d8101/versioned-assets/1722632295808-EC46FDD7XUWRGN7BOAK2/static.css]
[static1.squarespace.com/static/vta/5c5a519771c10ba3470d8101/scripts/site-bundle.9a3ef7a66ff173d82888c0103a031698.js]
[www.innoforeveryone.org/cart.html]
[www.innoforeveryone.org/join-us.html]
[www.innoforeveryone.org/sereno-sofia-parazi-photography.html]
[assets.squarespace.com/universal/scripts-compressed/user-account-core-000e7836c83080affa0c-min.en-US.js]
[assets.squarespace.com/universal/scripts-compressed/common-vendors-7fe376b784c3d1272675-min.en-US.js]
[assets.squarespace.com/universal/scripts-compressed/common-0af7051cb221d11716b7-min.en-US.js]
[static1.squarespace.com/static/versioned-site-css/668c388c858c7f07c98763ea/6/5c5a519771c10ba3470d8101/668c388d858c7f07c9876402/1550/site.css]
[static1.squarespace.com/static/vta/5c5a519771c10ba3470d8101/versioned-assets/1722632295808-EC46FDD7XUWRGN7BOAK2/static.css]
